// Jest Snapshot v1, https://goo.gl/fbAQLP

exports[`monodeploy writes a latest versions file if name is given 1`] = `
"{
  \\"latestVersions\\": [
    {
      \\"version\\": \\"1.0.1\\",
      \\"name\\": \\"package-0\\"
    },
    {
      \\"version\\": \\"1.0.1\\",
      \\"name\\": \\"package-1\\"
    },
    {
      \\"version\\": \\"1.0.1\\",
      \\"name\\": \\"package-2\\"
    }
  ]
}"
`;
