// Jest Snapshot v1, https://goo.gl/fbAQLP

exports[`Full E2E runs the full monodeploy pipeline 1`] = `
Object {
  "pkg-1": Object {
    "changelog": null,
    "tag": "pkg-1@0.1.0",
    "version": "0.1.0",
  },
  "pkg-2": Object {
    "changelog": null,
    "tag": "pkg-2@0.0.1",
    "version": "0.0.1",
  },
  "pkg-3": Object {
    "changelog": null,
    "tag": "pkg-3@0.0.1",
    "version": "0.0.1",
  },
}
`;
